== environment
openjdk version "21.0.12.1" 2026-08-18 LTS
.NET SDK 8.0.424
go version go1.27.1 linux/amd64
Swift version 6.3.3 (swift-6.3.3-RELEASE)
cpus 12, AMD Ryzen 5 5600G with Radeon Graphics
2026-09-17T20:04:34-04:00
68669ad1 Measure text without copying it, and double the Go page buffer as it fills
== ports: Latin, Greek and Cyrillic, 60 lines per page, IBM Plex Sans
java 100 pages: median 14 ms (min 12, max 19, 7 runs), 155400 bytes
dotnet 100 pages: median 20 ms (min 20, max 21, 7 runs), 155400 bytes
go 100 pages: median 9 ms (min 8, max 10, 7 runs), 152392 bytes
swift 100 pages: median 21 ms (min 21, max 22, 7 runs), 168506 bytes
java 500 pages: median 56 ms (min 51, max 58, 7 runs), 533287 bytes
dotnet 500 pages: median 48 ms (min 47, max 72, 7 runs), 533287 bytes
go 500 pages: median 43 ms (min 41, max 44, 7 runs), 518650 bytes
swift 500 pages: median 90 ms (min 89, max 99, 7 runs), 599518 bytes
== ports: first document in a new process, 500 pages
java cold 500 pages: 171 ms, 533287 bytes
dotnet cold 500 pages: 175 ms, 533287 bytes
go cold 500 pages: 46 ms, 518650 bytes
swift cold 500 pages: 97 ms, 599518 bytes
== ports: peak memory, one 500-page document, runtime defaults, median of 3
java peak 80772 KB
dotnet peak 55664 KB
go peak 11172 KB
swift peak 29028 KB
== ports: 3-page samples
java: 64974 bytes, page 1: The quick brown fox jumps over the lazy dog 0.0|Ξεσκεπάζω την ψυχοφθόρα βδελυγμία 0.1|Съешь же ещё этих мягких французских булок 0.2|
dotnet: 64974 bytes, page 1: The quick brown fox jumps over the lazy dog 0.0|Ξεσκεπάζω την ψυχοφθόρα βδελυγμία 0.1|Съешь же ещё этих мягких французских булок 0.2|
go: 64894 bytes, page 1: The quick brown fox jumps over the lazy dog 0.0|Ξεσκεπάζω την ψυχοφθόρα βδελυγμία 0.1|Съешь же ещё этих мягких французских булок 0.2|
swift: 65359 bytes, page 1: The quick brown fox jumps over the lazy dog 0.0|Ξεσκεπάζω την ψυχοφθόρα βδελυγμία 0.1|Съешь же ещё этих мягких французских булок 0.2|
2026-09-17T20:04:40-04:00
