== environment
openjdk version "21.0.12.1" 2026-08-18 LTS
.NET SDK 8.0.424
go version go1.27.1 linux/amd64
Swift version 6.3.3 (swift-6.3.3-RELEASE)
cpus 12, AMD Ryzen 5 5600G with Radeon Graphics
2026-09-18T01:01:07-04:00
e662e6bc Tick the v9.0.1 release in TODO.md
== ports: Latin, Greek and Cyrillic, 60 lines per page, IBM Plex Sans
java 100 pages: median 14 ms (min 12, max 23, 7 runs), 155400 bytes
dotnet 100 pages: median 21 ms (min 20, max 21, 7 runs), 155400 bytes
go 100 pages: median 9 ms (min 9, max 9, 7 runs), 152392 bytes
swift 100 pages: median 22 ms (min 21, max 22, 7 runs), 168506 bytes
java 500 pages: median 56 ms (min 52, max 61, 7 runs), 533287 bytes
dotnet 500 pages: median 60 ms (min 48, max 82, 7 runs), 533287 bytes
go 500 pages: median 43 ms (min 42, max 45, 7 runs), 518650 bytes
swift 500 pages: median 91 ms (min 90, max 92, 7 runs), 599518 bytes
== ports: first document in a new process, 500 pages
java cold 500 pages: 175 ms, 533287 bytes
dotnet cold 500 pages: 180 ms, 533287 bytes
go cold 500 pages: 43 ms, 518650 bytes
swift cold 500 pages: 100 ms, 599518 bytes
== ports: peak memory, one 500-page document, runtime defaults, median of 3
java peak 83704 KB
dotnet peak 56228 KB
go peak 10780 KB
swift peak 29180 KB
== ports: 3-page samples
java: 64974 bytes, page 1: The quick brown fox jumps over the lazy dog 0.0|Ξεσκεπάζω την ψυχοφθόρα βδελυγμία 0.1|Съешь же ещё этих мягких французских булок 0.2|
dotnet: 64974 bytes, page 1: The quick brown fox jumps over the lazy dog 0.0|Ξεσκεπάζω την ψυχοφθόρα βδελυγμία 0.1|Съешь же ещё этих мягких французских булок 0.2|
go: 64894 bytes, page 1: The quick brown fox jumps over the lazy dog 0.0|Ξεσκεπάζω την ψυχοφθόρα βδελυγμία 0.1|Съешь же ещё этих мягких французских булок 0.2|
swift: 65359 bytes, page 1: The quick brown fox jumps over the lazy dog 0.0|Ξεσκεπάζω την ψυχοφθόρα βδελυγμία 0.1|Съешь же ещё этих мягких французских булок 0.2|
2026-09-18T01:01:13-04:00
