== environment
openjdk version "21.0.12.1" 2026-08-18 LTS
.NET SDK 8.0.424
go version go1.27.1 linux/amd64
Swift version 6.4 (swift-6.4-RELEASE)
cpus 12, AMD Ryzen 5 5600G with Radeon Graphics
2026-10-09T13:48:07-04:00
413e3352 Examples 02 and 04 in the .otf of IBM Plex Sans SC, TC, JP and KR; 37 and 50 in the .ttf
== ports: Latin, Greek and Cyrillic, 60 lines per page, IBM Plex Sans
java 100 pages: median 16 ms (min 14, max 20, 7 runs), 112632 bytes
dotnet 100 pages: median 30 ms (min 19, max 36, 7 runs), 112632 bytes
go 100 pages: median 11 ms (min 11, max 12, 7 runs), 108339 bytes
swift 100 pages: median 19 ms (min 19, max 20, 7 runs), 126028 bytes
java 500 pages: median 63 ms (min 55, max 64, 7 runs), 494719 bytes
dotnet 500 pages: median 53 ms (min 53, max 104, 7 runs), 494719 bytes
go 500 pages: median 49 ms (min 46, max 52, 7 runs), 473475 bytes
swift 500 pages: median 86 ms (min 85, max 90, 7 runs), 558528 bytes
== ports: first document in a new process, 500 pages
java cold 500 pages: 193 ms, 494719 bytes
dotnet cold 500 pages: 203 ms, 494719 bytes
go cold 500 pages: 51 ms, 473475 bytes
swift cold 500 pages: 144 ms, 558528 bytes
== ports: peak memory, one 500-page document, runtime defaults, median of 3
java peak 83716 KB
dotnet peak 55172 KB
go peak 11804 KB
swift peak 30520 KB
== ports: 3-page samples
java: 20981 bytes, page 1: The quick brown fox jumps over the lazy dog 0.0|Ξεσκεπάζω την ψυχοφθόρα βδελυγμία 0.1|Съешь же ещё этих мягких французских булок 0.2|
dotnet: 20981 bytes, page 1: The quick brown fox jumps over the lazy dog 0.0|Ξεσκεπάζω την ψυχοφθόρα βδελυγμία 0.1|Съешь же ещё этих мягких французских булок 0.2|
go: 21243 bytes, page 1: The quick brown fox jumps over the lazy dog 0.0|Ξεσκεπάζω την ψυχοφθόρα βδελυγμία 0.1|Съешь же ещё этих мягких французских булок 0.2|
swift: 22533 bytes, page 1: The quick brown fox jumps over the lazy dog 0.0|Ξεσκεπάζω την ψυχοφθόρα βδελυγμία 0.1|Съешь же ещё этих мягких французских булок 0.2|
2026-10-09T13:48:13-04:00
