== environment
openjdk version "21.0.12.1" 2026-08-18 LTS
.NET SDK 8.0.424
go version go1.27.1 linux/amd64
Swift version 6.3.3 (swift-6.3.3-RELEASE)
cpus 12, AMD Ryzen 5 5600G with Radeon Graphics
2026-09-16T00:11:47-04:00
4ee4e7cb Read the quoted fields of a data file as RFC 4180 does, in the four ports
== ports: Latin, Greek and Cyrillic, 60 lines per page, IBM Plex Sans
java 100 pages: median 14 ms (min 13, max 20, 7 runs), 162795 bytes
dotnet 100 pages: median 21 ms (min 21, max 22, 7 runs), 162795 bytes
go 100 pages: median 11 ms (min 10, max 11, 7 runs), 153115 bytes
swift 100 pages: median 23 ms (min 22, max 23, 7 runs), 186953 bytes
java 500 pages: median 58 ms (min 54, max 61, 7 runs), 567688 bytes
dotnet 500 pages: median 71 ms (min 56, max 87, 7 runs), 567688 bytes
go 500 pages: median 51 ms (min 49, max 54, 7 runs), 518785 bytes
swift 500 pages: median 97 ms (min 96, max 99, 7 runs), 688640 bytes
== ports: first document in a new process, 500 pages
java cold 500 pages: 170 ms, 567688 bytes
dotnet cold 500 pages: 176 ms, 567688 bytes
go cold 500 pages: 50 ms, 518785 bytes
swift cold 500 pages: 101 ms, 688640 bytes
== ports: peak memory, one 500-page document, runtime defaults, median of 3
java peak 89428 KB
dotnet peak 55708 KB
go peak 11928 KB
swift peak 29712 KB
== ports: 3-page samples
java: 65210 bytes, page 1: The quick brown fox jumps over the lazy dog 0.0|Ξεσκεπάζω την ψυχοφθόρα βδελυγμία 0.1|Съешь же ещё этих мягких французских булок 0.2|
dotnet: 65210 bytes, page 1: The quick brown fox jumps over the lazy dog 0.0|Ξεσκεπάζω την ψυχοφθόρα βδελυγμία 0.1|Съешь же ещё этих мягких французских булок 0.2|
go: 64920 bytes, page 1: The quick brown fox jumps over the lazy dog 0.0|Ξεσκεπάζω την ψυχοφθόρα βδελυγμία 0.1|Съешь же ещё этих мягких французских булок 0.2|
swift: 65923 bytes, page 1: The quick brown fox jumps over the lazy dog 0.0|Ξεσκεπάζω την ψυχοφθόρα βδελυγμία 0.1|Съешь же ещё этих мягких французских булок 0.2|
2026-09-16T00:11:54-04:00
