== environment
openjdk version "21.0.12.1" 2026-08-18 LTS
cpus 12, AMD Ryzen 5 5600G with Radeon Graphics
2026-09-28T19:43:54-04:00
74f21e90 Give the tables of Example_09 and Example_38 a header row, in all four ports
== text: Latin, Greek and Cyrillic, 60 lines per page
jet-plex 50 pages: median 7 ms (min 7, max 11, 7 runs), 108688 bytes, 4 MB allocated
jet-noto 50 pages: median 12 ms (min 9, max 12, 7 runs), 390260 bytes, 8 MB allocated
jet-plex 100 pages: median 14 ms (min 11, max 16, 7 runs), 155401 bytes, 6 MB allocated
jet-noto 100 pages: median 18 ms (min 13, max 19, 7 runs), 435830 bytes, 10 MB allocated
jet-plex 200 pages: median 26 ms (min 21, max 29, 7 runs), 249743 bytes, 11 MB allocated
jet-noto 200 pages: median 30 ms (min 23, max 31, 7 runs), 527982 bytes, 14 MB allocated
jet-plex 500 pages: median 56 ms (min 49, max 60, 7 runs), 533787 bytes, 25 MB allocated
jet-noto 500 pages: median 60 ms (min 52, max 65, 7 runs), 805427 bytes, 29 MB allocated
== text: first document in a new JVM, 20 pages
jet-plex cold 20 pages: 97 ms, 80722 bytes
jet-noto cold 20 pages: 104 ms, 362971 bytes
== text: peak memory, one 500-page document, JVM defaults, median of 3
jet-plex peak 83932 KB
jet-noto peak 84664 KB
== text: 3-page samples
jet-plex: 64975 bytes, page 1: The quick brown fox jumps over the lazy dog 0.0|Ξεσκεπάζω την ψυχοφθόρα βδελυγμία 0.1|Съешь же ещё этих мягких французских булок 0.2|
jet-noto: 347616 bytes, page 1: The quick brown fox jumps over the lazy dog 0.0|Ξεσκεπάζω την ψυχοφθόρα βδελυγμία 0.1|Съешь же ещё этих мягких французских булок 0.2|
== table: Example_43, Electric_Vehicle_Population_Data.csv
jet: median 1665 ms (min 1657, max 1690, 7 runs), 2546 pages, 11654632 bytes, 646 MB allocated
jet-table: median 3620 ms (min 3559, max 3766, 7 runs), 2546 pages, 21163278 bytes, 1363 MB allocated
jet-page: median 1612 ms (min 1604, max 1619, 7 runs), 2546 pages, 11481002 bytes, 628 MB allocated
jet-page-stream: median 1609 ms (min 1599, max 1620, 7 runs), 2546 pages, 11508081 bytes, 628 MB allocated
== table: first run in a new JVM
jet cold: 2008 ms, 2546 pages, 11654632 bytes
jet-table cold: 4298 ms, 2546 pages, 21163278 bytes
jet-page cold: 1979 ms, 2546 pages, 11481002 bytes
jet-page-stream cold: 1973 ms, 2546 pages, 11508081 bytes
== table: peak memory, JVM defaults, median of 3
jet peak 390744 KB
jet-table peak 1028884 KB
jet-page peak 473708 KB
jet-page-stream peak 378988 KB
== table: smallest heap that finishes, of 32m 64m 128m 256m 512m 1g 2g 4g 8g
jet: 32m
jet-table: 512m
jet-page: 128m
jet-page-stream: 32m
== table: samples
jet sample: 2546 pages, 2026 ms
jet: 11654632 bytes, 2546 pages, last footer: Page 2546 of 2546
jet-table sample: 2546 pages, 4321 ms
jet-table: 21163278 bytes, 2546 pages, last footer: Page 2546 of 2546
jet-page sample: 2546 pages, 1986 ms
jet-page: 11481002 bytes, 2546 pages, last footer: Page 2546 of 2546
jet-page-stream sample: 2546 pages, 1997 ms
jet-page-stream: 11508081 bytes, 2546 pages, last footer: Page 2546 of 2546
2026-09-28T19:46:37-04:00
