== environment
openjdk version "21.0.12.1" 2026-08-18 LTS
cpus 12, AMD Ryzen 5 5600G with Radeon Graphics
2026-09-18T00:51:07-04:00
e662e6bc Tick the v9.0.1 release in TODO.md
== text: Latin, Greek and Cyrillic, 60 lines per page
jet-plex 50 pages: median 8 ms (min 6, max 13, 7 runs), 108638 bytes, 4 MB allocated
jet-noto 50 pages: median 12 ms (min 9, max 14, 7 runs), 390211 bytes, 8 MB allocated
jet-plex 100 pages: median 13 ms (min 12, max 15, 7 runs), 155400 bytes, 6 MB allocated
jet-noto 100 pages: median 17 ms (min 15, max 17, 7 runs), 435830 bytes, 10 MB allocated
jet-plex 200 pages: median 25 ms (min 20, max 26, 7 runs), 249742 bytes, 11 MB allocated
jet-noto 200 pages: median 27 ms (min 23, max 30, 7 runs), 527982 bytes, 14 MB allocated
jet-plex 500 pages: median 54 ms (min 46, max 58, 7 runs), 533287 bytes, 25 MB allocated
jet-noto 500 pages: median 59 ms (min 50, max 63, 7 runs), 804928 bytes, 29 MB allocated
== text: first document in a new JVM, 20 pages
jet-plex cold 20 pages: 94 ms, 80721 bytes
jet-noto cold 20 pages: 98 ms, 362971 bytes
== text: peak memory, one 500-page document, JVM defaults, median of 3
jet-plex peak 82088 KB
jet-noto peak 82560 KB
== text: 3-page samples
jet-plex: 64974 bytes, page 1: The quick brown fox jumps over the lazy dog 0.0|Ξεσκεπάζω την ψυχοφθόρα βδελυγμία 0.1|Съешь же ещё этих мягких французских булок 0.2|
jet-noto: 347616 bytes, page 1: The quick brown fox jumps over the lazy dog 0.0|Ξεσκεπάζω την ψυχοφθόρα βδελυγμία 0.1|Съешь же ещё этих мягких французских булок 0.2|
== table: Example_43, Electric_Vehicle_Population_Data.csv
jet: median 1635 ms (min 1631, max 1641, 7 runs), 2546 pages, 11664115 bytes, 670 MB allocated
jet-table: median 3422 ms (min 3418, max 3437, 7 runs), 2546 pages, 21163276 bytes, 1491 MB allocated
jet-page: median 1597 ms (min 1590, max 1599, 7 runs), 2546 pages, 11481000 bytes, 628 MB allocated
jet-page-stream: median 1567 ms (min 1564, max 1578, 7 runs), 2546 pages, 11508079 bytes, 628 MB allocated
== table: first run in a new JVM
jet cold: 1969 ms, 2546 pages, 11664115 bytes
jet-table cold: 4198 ms, 2546 pages, 21163276 bytes
jet-page cold: 1943 ms, 2546 pages, 11481000 bytes
jet-page-stream cold: 1907 ms, 2546 pages, 11508079 bytes
== table: peak memory, JVM defaults, median of 3
jet peak 395152 KB
jet-table peak 1123288 KB
jet-page peak 476504 KB
jet-page-stream peak 380088 KB
== table: smallest heap that finishes, of 32m 64m 128m 256m 512m 1g 2g 4g 8g
jet: 32m
jet-table: 512m
jet-page: 128m
jet-page-stream: 32m
== table: samples
jet sample: 2546 pages, 1996 ms
jet: 11664115 bytes, 2546 pages, last footer: Page 2546 of 2546
jet-table sample: 2546 pages, 4180 ms
jet-table: 21163276 bytes, 2546 pages, last footer: Page 2546 of 2546
jet-page sample: 2546 pages, 1944 ms
jet-page: 11481000 bytes, 2546 pages, last footer: Page 2546 of 2546
jet-page-stream sample: 2546 pages, 1915 ms
jet-page-stream: 11508079 bytes, 2546 pages, last footer: Page 2546 of 2546
2026-09-18T00:53:45-04:00
