== environment
openjdk version "21.0.12.1" 2026-08-18 LTS
cpus 12, AMD Ryzen 5 5600G with Radeon Graphics
2026-09-22T01:57:54-04:00
72c41923 Release v9.0.1
== text: Latin, Greek and Cyrillic, 60 lines per page
jet-plex 50 pages: median 7 ms (min 7, max 12, 7 runs), 108638 bytes, 4 MB allocated
jet-noto 50 pages: median 13 ms (min 10, max 13, 7 runs), 390211 bytes, 8 MB allocated
jet-plex 100 pages: median 14 ms (min 12, max 14, 7 runs), 155400 bytes, 6 MB allocated
jet-noto 100 pages: median 18 ms (min 14, max 19, 7 runs), 435830 bytes, 10 MB allocated
jet-plex 200 pages: median 26 ms (min 21, max 27, 7 runs), 249742 bytes, 11 MB allocated
jet-noto 200 pages: median 28 ms (min 24, max 33, 7 runs), 527982 bytes, 14 MB allocated
jet-plex 500 pages: median 57 ms (min 49, max 63, 7 runs), 533287 bytes, 25 MB allocated
jet-noto 500 pages: median 61 ms (min 51, max 63, 7 runs), 804928 bytes, 29 MB allocated
== text: first document in a new JVM, 20 pages
jet-plex cold 20 pages: 95 ms, 80721 bytes
jet-noto cold 20 pages: 102 ms, 362971 bytes
== text: peak memory, one 500-page document, JVM defaults, median of 3
jet-plex peak 82464 KB
jet-noto peak 83500 KB
== text: 3-page samples
jet-plex: 64974 bytes, page 1: The quick brown fox jumps over the lazy dog 0.0|Ξεσκεπάζω την ψυχοφθόρα βδελυγμία 0.1|Съешь же ещё этих мягких французских булок 0.2|
jet-noto: 347616 bytes, page 1: The quick brown fox jumps over the lazy dog 0.0|Ξεσκεπάζω την ψυχοφθόρα βδελυγμία 0.1|Съешь же ещё этих мягких французских булок 0.2|
== table: Example_43, Electric_Vehicle_Population_Data.csv
jet: median 1673 ms (min 1654, max 1702, 7 runs), 2546 pages, 11664115 bytes, 670 MB allocated
jet-table: median 3485 ms (min 3455, max 3520, 7 runs), 2546 pages, 21163276 bytes, 1491 MB allocated
jet-page: median 1629 ms (min 1621, max 1637, 7 runs), 2546 pages, 11481000 bytes, 628 MB allocated
jet-page-stream: median 1621 ms (min 1607, max 1639, 7 runs), 2546 pages, 11508079 bytes, 628 MB allocated
== table: first run in a new JVM
jet cold: 2047 ms, 2546 pages, 11664115 bytes
jet-table cold: 4221 ms, 2546 pages, 21163276 bytes
jet-page cold: 1966 ms, 2546 pages, 11481000 bytes
jet-page-stream cold: 1896 ms, 2546 pages, 11508079 bytes
== table: peak memory, JVM defaults, median of 3
jet peak 399732 KB
jet-table peak 1123088 KB
jet-page peak 477716 KB
jet-page-stream peak 380872 KB
== table: smallest heap that finishes, of 32m 64m 128m 256m 512m 1g 2g 4g 8g
jet: 32m
jet-table: 512m
jet-page: 128m
jet-page-stream: 32m
== table: samples
jet sample: 2546 pages, 2006 ms
jet: 11664115 bytes, 2546 pages, last footer: Page 2546 of 2546
jet-table sample: 2546 pages, 4239 ms
jet-table: 21163276 bytes, 2546 pages, last footer: Page 2546 of 2546
jet-page sample: 2546 pages, 1950 ms
jet-page: 11481000 bytes, 2546 pages, last footer: Page 2546 of 2546
jet-page-stream sample: 2546 pages, 1929 ms
jet-page-stream: 11508079 bytes, 2546 pages, last footer: Page 2546 of 2546
2026-09-22T02:00:34-04:00
