== environment
openjdk version "21.0.12.1" 2026-08-18 LTS
.NET SDK 8.0.424
go version go1.27.1 linux/amd64
Swift version 6.3.3 (swift-6.3.3-RELEASE)
cpus 12, AMD Ryzen 5 5600G with Radeon Graphics
2026-09-24T16:13:12-04:00
f583352f check-api.sh: the public API of the four ports against a tag
== table: 9 columns of the EV CSV as cells, IBM Plex Sans 8 pt, Letter
java 2000 rows: median 82 ms (min 70, max 102, 7 runs), 43 pages, 483715 bytes
dotnet 2000 rows: median 97 ms (min 91, max 169, 7 runs), 43 pages, 483715 bytes
go 2000 rows: median 34 ms (min 33, max 35, 7 runs), 43 pages, 484938 bytes
swift 2000 rows: median 124 ms (min 123, max 126, 7 runs), 43 pages, 565928 bytes
java 10000 rows: median 363 ms (min 340, max 370, 7 runs), 215 pages, 1913450 bytes
dotnet 10000 rows: median 381 ms (min 370, max 393, 7 runs), 215 pages, 1913450 bytes
go 10000 rows: median 160 ms (min 158, max 163, 7 runs), 215 pages, 1919153 bytes
swift 10000 rows: median 584 ms (min 581, max 589, 7 runs), 215 pages, 2325170 bytes
java 50000 rows: median 1690 ms (min 1644, max 1859, 7 runs), 1073 pages, 9066123 bytes
dotnet 50000 rows: median 1938 ms (min 1867, max 1966, 7 runs), 1073 pages, 9066123 bytes
go 50000 rows: median 810 ms (min 800, max 817, 7 runs), 1073 pages, 9094824 bytes
swift 50000 rows: median 2902 ms (min 2888, max 2912, 7 runs), 1073 pages, 11125493 bytes
== table: first document in a new process, 50000 rows
java cold 50000 rows: 2084 ms, 1073 pages, 9066123 bytes
dotnet cold 50000 rows: 2402 ms, 1073 pages, 9066123 bytes
go cold 50000 rows: 846 ms, 1073 pages, 9094824 bytes
swift cold 50000 rows: 2981 ms, 1073 pages, 11125493 bytes
== table: peak memory, one 50000-row table, runtime defaults, median of 3
java peak 383252 KB
dotnet peak 233072 KB
go peak 182904 KB
swift peak 177160 KB
== table: 40-row samples
java: 133855 bytes, page 1: VIN (1-10)|County|City|State|Postal Model|Make|Model|Electric Vehicle Type||Code Year||5YJ3E1EB4L|Yakima|Yakima|WA|98908
dotnet: 133855 bytes, page 1: VIN (1-10)|County|City|State|Postal Model|Make|Model|Electric Vehicle Type||Code Year||5YJ3E1EB4L|Yakima|Yakima|WA|98908
go: 133921 bytes, page 1: VIN (1-10)|County|City|State|Postal Model|Make|Model|Electric Vehicle Type||Code Year||5YJ3E1EB4L|Yakima|Yakima|WA|98908
swift: 135460 bytes, page 1: VIN (1-10)|County|City|State|Postal Model|Make|Model|Electric Vehicle Type||Code Year||5YJ3E1EB4L|Yakima|Yakima|WA|98908
2026-09-24T16:15:12-04:00
