== environment
openjdk version "21.0.12.1" 2026-08-18 LTS
.NET SDK 8.0.424
go version go1.27.1 linux/amd64
Swift version 6.3.3 (swift-6.3.3-RELEASE)
cpus 12, AMD Ryzen 5 5600G with Radeon Graphics
2026-09-16T15:18:44-04:00
7dbfee5d Fill the shaded rows of a BigTable with one re, in the four ports
== table: 9 columns of the EV CSV as cells, IBM Plex Sans 8 pt, Letter
java 2000 rows: median 79 ms (min 70, max 108, 7 runs), 43 pages, 485781 bytes
dotnet 2000 rows: median 89 ms (min 76, max 153, 7 runs), 43 pages, 485781 bytes
go 2000 rows: median 33 ms (min 32, max 34, 7 runs), 43 pages, 487048 bytes
swift 2000 rows: median 114 ms (min 113, max 115, 7 runs), 43 pages, 569077 bytes
java 10000 rows: median 340 ms (min 331, max 392, 7 runs), 215 pages, 1923774 bytes
dotnet 10000 rows: median 413 ms (min 394, max 424, 7 runs), 215 pages, 1923774 bytes
go 10000 rows: median 159 ms (min 153, max 165, 7 runs), 215 pages, 1929782 bytes
swift 10000 rows: median 531 ms (min 528, max 532, 7 runs), 215 pages, 2339847 bytes
java 50000 rows: median 1679 ms (min 1652, max 1914, 7 runs), 1072 pages, 9116668 bytes
dotnet 50000 rows: median 2084 ms (min 2009, max 2105, 7 runs), 1072 pages, 9116668 bytes
go 50000 rows: median 787 ms (min 781, max 805, 7 runs), 1072 pages, 9147319 bytes
swift 50000 rows: median 2613 ms (min 2596, max 2623, 7 runs), 1072 pages, 11197754 bytes
== table: first document in a new process, 50000 rows
java cold 50000 rows: 2096 ms, 1072 pages, 9116668 bytes
dotnet cold 50000 rows: 2396 ms, 1072 pages, 9116668 bytes
go cold 50000 rows: 850 ms, 1072 pages, 9147319 bytes
swift cold 50000 rows: 2697 ms, 1072 pages, 11197754 bytes
== table: peak memory, one 50000-row table, runtime defaults, median of 3
java peak 473016 KB
dotnet peak 256620 KB
go peak 288060 KB
swift peak 192940 KB
== table: 40-row samples
java: 133901 bytes, page 1: VIN (1-10)|County|City|State|Postal Model|Make|Model|Electric Vehicle Type||Code Year||5YJ3E1EB4L|Yakima|Yakima|WA|98908
dotnet: 133901 bytes, page 1: VIN (1-10)|County|City|State|Postal Model|Make|Model|Electric Vehicle Type||Code Year||5YJ3E1EB4L|Yakima|Yakima|WA|98908
go: 133951 bytes, page 1: VIN (1-10)|County|City|State|Postal Model|Make|Model|Electric Vehicle Type||Code Year||5YJ3E1EB4L|Yakima|Yakima|WA|98908
swift: 135551 bytes, page 1: VIN (1-10)|County|City|State|Postal Model|Make|Model|Electric Vehicle Type||Code Year||5YJ3E1EB4L|Yakima|Yakima|WA|98908
2026-09-16T15:20:41-04:00
