== environment
openjdk version "21.0.12.1" 2026-08-18 LTS
.NET SDK 8.0.424
go version go1.27.1 linux/amd64
Swift version 6.3.3 (swift-6.3.3-RELEASE)
cpus 12, AMD Ryzen 5 5600G with Radeon Graphics
2026-09-16T15:20:49-04:00
989b6c27 Record the text and table benchmarks at 7dbfee5d, and tick the benchmarks item in TODO.md
== table: 9 columns of the EV CSV as cells, IBM Plex Sans 8 pt, Letter
java 124716 rows: median 4197 ms (min 4100, max 4341, 7 runs), 2673 pages, 22552652 bytes
dotnet 124716 rows: median 5051 ms (min 4940, max 5093, 7 runs), 2673 pages, 22552652 bytes
go 124716 rows: median 1939 ms (min 1911, max 1974, 7 runs), 2673 pages, 22628965 bytes
swift 124716 rows: median 6484 ms (min 6459, max 6562, 7 runs), 2673 pages, 27743694 bytes
== table: first document in a new process, 50000 rows
java cold 50000 rows: 2067 ms, 1072 pages, 9116668 bytes
dotnet cold 50000 rows: 2343 ms, 1072 pages, 9116668 bytes
go cold 50000 rows: 843 ms, 1072 pages, 9147319 bytes
swift cold 50000 rows: 2691 ms, 1072 pages, 11197754 bytes
== table: peak memory, one 50000-row table, runtime defaults, median of 3
java peak 475216 KB
dotnet peak 256984 KB
go peak 284348 KB
swift peak 192272 KB
== table: 40-row samples
java: 133901 bytes, page 1: VIN (1-10)|County|City|State|Postal Model|Make|Model|Electric Vehicle Type||Code Year||5YJ3E1EB4L|Yakima|Yakima|WA|98908
dotnet: 133901 bytes, page 1: VIN (1-10)|County|City|State|Postal Model|Make|Model|Electric Vehicle Type||Code Year||5YJ3E1EB4L|Yakima|Yakima|WA|98908
go: 133951 bytes, page 1: VIN (1-10)|County|City|State|Postal Model|Make|Model|Electric Vehicle Type||Code Year||5YJ3E1EB4L|Yakima|Yakima|WA|98908
swift: 135551 bytes, page 1: VIN (1-10)|County|City|State|Postal Model|Make|Model|Electric Vehicle Type||Code Year||5YJ3E1EB4L|Yakima|Yakima|WA|98908
2026-09-16T15:24:03-04:00
== table: measured on its own after the run, 124716 rows: a new process each, peak from /usr/bin/time, 3 runs
java cold 124716 rows: 4752 ms, 4877 ms, 4808 ms; peak 1022864, 1016052, 1025580 KB; 2673 pages, 22552652 bytes
dotnet cold 124716 rows: 5363 ms, 5352 ms, 5349 ms; peak 550164, 550472, 550108 KB; 2673 pages, 22552652 bytes
go cold 124716 rows: 2076 ms, 2093 ms, 2075 ms; peak 698688, 726812, 693436 KB; 2673 pages, 22628965 bytes
swift cold 124716 rows: 6643 ms, 6632 ms, 6599 ms; peak 438088, 437760, 437968 KB; 2673 pages, 27743694 bytes
