== environment
openjdk version "21.0.12.1" 2026-08-18 LTS
.NET SDK 8.0.424
go version go1.27.1 linux/amd64
Swift version 6.3.3 (swift-6.3.3-RELEASE)
cpus 12, AMD Ryzen 5 5600G with Radeon Graphics
2026-09-16T14:06:54-04:00
d2f5d4cb Write colors, pen width and font only when they change, and fillRect as re, in the four ports
== table: 9 columns of the EV CSV as cells, IBM Plex Sans 8 pt, Letter
java 2000 rows: median 83 ms (min 72, max 94, 7 runs), 43 pages, 485781 bytes
dotnet 2000 rows: median 84 ms (min 76, max 151, 7 runs), 43 pages, 485781 bytes
go 2000 rows: median 32 ms (min 32, max 34, 7 runs), 43 pages, 487048 bytes
swift 2000 rows: median 112 ms (min 111, max 114, 7 runs), 43 pages, 569077 bytes
java 10000 rows: median 376 ms (min 332, max 388, 7 runs), 215 pages, 1923774 bytes
dotnet 10000 rows: median 411 ms (min 398, max 420, 7 runs), 215 pages, 1923774 bytes
go 10000 rows: median 155 ms (min 151, max 156, 7 runs), 215 pages, 1929782 bytes
swift 10000 rows: median 524 ms (min 522, max 526, 7 runs), 215 pages, 2339847 bytes
java 50000 rows: median 1676 ms (min 1656, max 1903, 7 runs), 1072 pages, 9116668 bytes
dotnet 50000 rows: median 2081 ms (min 2018, max 2086, 7 runs), 1072 pages, 9116668 bytes
go 50000 rows: median 776 ms (min 747, max 786, 7 runs), 1072 pages, 9147319 bytes
swift 50000 rows: median 2599 ms (min 2588, max 2602, 7 runs), 1072 pages, 11197754 bytes
== table: first document in a new process, 50000 rows
java cold 50000 rows: 2063 ms, 1072 pages, 9116668 bytes
dotnet cold 50000 rows: 2362 ms, 1072 pages, 9116668 bytes
go cold 50000 rows: 852 ms, 1072 pages, 9147319 bytes
swift cold 50000 rows: 2694 ms, 1072 pages, 11197754 bytes
== table: peak memory, one 50000-row table, runtime defaults, median of 3
java peak 472928 KB
dotnet peak 256656 KB
go peak 296124 KB
swift peak 192736 KB
== table: 40-row samples
java: 133901 bytes, page 1: VIN (1-10)|County|City|State|Postal Model|Make|Model|Electric Vehicle Type||Code Year||5YJ3E1EB4L|Yakima|Yakima|WA|98908
dotnet: 133901 bytes, page 1: VIN (1-10)|County|City|State|Postal Model|Make|Model|Electric Vehicle Type||Code Year||5YJ3E1EB4L|Yakima|Yakima|WA|98908
go: 133951 bytes, page 1: VIN (1-10)|County|City|State|Postal Model|Make|Model|Electric Vehicle Type||Code Year||5YJ3E1EB4L|Yakima|Yakima|WA|98908
swift: 135551 bytes, page 1: VIN (1-10)|County|City|State|Postal Model|Make|Model|Electric Vehicle Type||Code Year||5YJ3E1EB4L|Yakima|Yakima|WA|98908
2026-09-16T14:08:51-04:00
