== environment
openjdk version "21.0.12.1" 2026-08-18 LTS
.NET SDK 8.0.424
go version go1.27.1 linux/amd64
Swift version 6.3.3 (swift-6.3.3-RELEASE)
cpus 12, AMD Ryzen 5 5600G with Radeon Graphics
2026-09-18T00:56:45-04:00
e662e6bc Tick the v9.0.1 release in TODO.md
== table: 9 columns of the EV CSV as cells, IBM Plex Sans 8 pt, Letter
java 124716 rows: median 4029 ms (min 3970, max 4291, 7 runs), 2673 pages, 22415937 bytes
dotnet 124716 rows: median 4628 ms (min 4516, max 4642, 7 runs), 2673 pages, 22415937 bytes
go 124716 rows: median 1701 ms (min 1682, max 1718, 7 runs), 2673 pages, 22474872 bytes
swift 124716 rows: median 5948 ms (min 5911, max 5975, 7 runs), 2673 pages, 27553691 bytes
== table: first document in a new process, 50000 rows
java cold 50000 rows: 2047 ms, 1072 pages, 9061891 bytes
dotnet cold 50000 rows: 2180 ms, 1072 pages, 9061891 bytes
go cold 50000 rows: 731 ms, 1072 pages, 9085466 bytes
swift cold 50000 rows: 2467 ms, 1072 pages, 11121504 bytes
== table: peak memory, one 50000-row table, runtime defaults, median of 3
java peak 441976 KB
dotnet peak 226184 KB
go peak 193748 KB
swift peak 176636 KB
== table: 40-row samples
java: 133847 bytes, page 1: VIN (1-10)|County|City|State|Postal Model|Make|Model|Electric Vehicle Type||Code Year||5YJ3E1EB4L|Yakima|Yakima|WA|98908
dotnet: 133847 bytes, page 1: VIN (1-10)|County|City|State|Postal Model|Make|Model|Electric Vehicle Type||Code Year||5YJ3E1EB4L|Yakima|Yakima|WA|98908
go: 133911 bytes, page 1: VIN (1-10)|County|City|State|Postal Model|Make|Model|Electric Vehicle Type||Code Year||5YJ3E1EB4L|Yakima|Yakima|WA|98908
swift: 135454 bytes, page 1: VIN (1-10)|County|City|State|Postal Model|Make|Model|Electric Vehicle Type||Code Year||5YJ3E1EB4L|Yakima|Yakima|WA|98908
2026-09-18T00:59:45-04:00
